// Bun Snapshot v1, https://goo.gl/fbAQLP

exports[`main export footprint < 5kb 1`] = `"Plaited size: 4.96875kb"`;
