// Bun Snapshot v1, https://goo.gl/fbAQLP

exports[`transform-ts-tokens 1`] = `
"export const sizeX1 = 'var(--size-x-1)'
export const sizeX2 = 'var(--size-x-2)'
export const sizeX3 = 'var(--size-x-3)'
export const sizeS3 = 'var(--size-s-3)'
export const backgroundColorPurpleX1 = 'var(--background-color-purple-x-1)'
export const backgroundColorPurpleX2 = 'var(--background-color-purple-x-2)'
export const backgroundColorPurpleX3 = 'var(--background-color-purple-x-3)'
export const borderRadiusX1 = 'var(--border-radius-x-1)'
export const borderRadiusX2 = 'var(--border-radius-x-2)'
export const borderRadiusX3 = 'var(--border-radius-x-3)'
export const fontSizeX1 = 'var(--font-size-x-1)'
export const fontFamilySansSerif = 'var(--font-family-sans-serif)'
export const fontWeightX1 = 'var(--font-weight-x-1)'
export const letterSpacingX1 = 'var(--letter-spacing-x-1)'
export const lineHeightX1 = 'var(--line-height-x-1)'
export const typographyX1 = {
  fontFamily: fontFamilySansSerif,
  fontSize: fontSizeX1,
  fontWeight: fontWeightX1,
  letterSpacing: letterSpacingX1,
  lineHeight: lineHeightX1,
}
export const actionPrimaryRestBorderRadius = borderRadiusX1
export const actionPrimaryRestBackgroundColor = backgroundColorPurpleX2
export const actionPrimaryRestTypography = typographyX1
"
`;

exports[`transform-css-tokens 1`] = `
"[data-media="static"]:root {
    --size-x-1: 0.1rem;
    --size-x-2: 0.3rem;
    --size-x-3: 0.6rem;
}

[data-media="mobile"]:root {
    --size-x-1: 0.1rem;
    --size-x-2: 0.4rem;
    --size-x-3: 0.8rem;
}

[data-media="desktop"]:root {
    --size-x-1: 0.1rem;
    --size-x-2: 0.3rem;
    --size-x-3: 0.6rem;
}

[data-media="tv"]:root {
    --size-x-1: 0.2rem;
    --size-x-2: 0.4rem;
    --size-x-3: 0.7rem;
}

:root {
    --size-s-3: 0.6rem;
    --background-color-purple-x-1: #4c00b0;
    --background-color-purple-x-2: #7600bc;
    --background-color-purple-x-3: #8a00c2;
    --border-radius-x-1: 0.15rem;
    --border-radius-x-2: 0.25rem;
    --border-radius-x-3: 0.35rem;
    --font-size-x-1: 0.7rem;
    --font-family-sans-serif: Roboto,sans-serif;
    --font-weight-x-1: 700;
    --letter-spacing-x-1: normal;
    --line-height-x-1: 1;
}"
`;
