// Bun Snapshot v1, https://goo.gl/fbAQLP

exports[`logging 1`] = `
[
  [
    {
      "priority": 0,
      "request": [
        {
          "detail": undefined,
          "type": "start",
        },
      ],
      "selected": "start",
      "thread": "start",
      "trigger": true,
      "waitFor": [
        {
          "cb": [Function],
          "type": "",
        },
      ],
    },
    {
      "priority": 1,
      "request": [
        {
          "type": "hot",
        },
      ],
      "thread": "addHot",
    },
    {
      "priority": 2,
      "request": [
        {
          "type": "cold",
        },
      ],
      "thread": "addCold",
    },
    {
      "block": [
        {
          "type": "cold",
        },
      ],
      "priority": 3,
      "thread": "mixHotCold",
      "waitFor": [
        {
          "type": "hot",
        },
      ],
    },
  ],
  [
    {
      "priority": 1,
      "request": [
        {
          "type": "hot",
        },
      ],
      "selected": "hot",
      "thread": "addHot",
    },
    {
      "priority": 2,
      "request": [
        {
          "type": "cold",
        },
      ],
      "thread": "addCold",
    },
    {
      "block": [
        {
          "type": "cold",
        },
      ],
      "priority": 3,
      "thread": "mixHotCold",
      "waitFor": [
        {
          "type": "hot",
        },
      ],
    },
  ],
  [
    {
      "priority": 1,
      "request": [
        {
          "type": "hot",
        },
      ],
      "thread": "addHot",
    },
    {
      "priority": 2,
      "request": [
        {
          "type": "cold",
        },
      ],
      "selected": "cold",
      "thread": "addCold",
    },
    {
      "block": [
        {
          "type": "hot",
        },
      ],
      "priority": 3,
      "thread": "mixHotCold",
      "waitFor": [
        {
          "type": "cold",
        },
      ],
    },
  ],
  [
    {
      "priority": 1,
      "request": [
        {
          "type": "hot",
        },
      ],
      "selected": "hot",
      "thread": "addHot",
    },
    {
      "priority": 2,
      "request": [
        {
          "type": "cold",
        },
      ],
      "thread": "addCold",
    },
    {
      "block": [
        {
          "type": "cold",
        },
      ],
      "priority": 3,
      "thread": "mixHotCold",
      "waitFor": [
        {
          "type": "hot",
        },
      ],
    },
  ],
  [
    {
      "priority": 1,
      "request": [
        {
          "type": "hot",
        },
      ],
      "thread": "addHot",
    },
    {
      "priority": 2,
      "request": [
        {
          "type": "cold",
        },
      ],
      "selected": "cold",
      "thread": "addCold",
    },
    {
      "block": [
        {
          "type": "hot",
        },
      ],
      "priority": 3,
      "thread": "mixHotCold",
      "waitFor": [
        {
          "type": "cold",
        },
      ],
    },
  ],
  [
    {
      "priority": 1,
      "request": [
        {
          "type": "hot",
        },
      ],
      "selected": "hot",
      "thread": "addHot",
    },
    {
      "priority": 2,
      "request": [
        {
          "type": "cold",
        },
      ],
      "thread": "addCold",
    },
    {
      "block": [
        {
          "type": "cold",
        },
      ],
      "priority": 3,
      "thread": "mixHotCold",
      "waitFor": [
        {
          "type": "hot",
        },
      ],
    },
  ],
  [
    {
      "priority": 2,
      "request": [
        {
          "type": "cold",
        },
      ],
      "selected": "cold",
      "thread": "addCold",
    },
    {
      "block": [
        {
          "type": "hot",
        },
      ],
      "priority": 3,
      "thread": "mixHotCold",
      "waitFor": [
        {
          "type": "cold",
        },
      ],
    },
  ],
]
`;
