// Bun Snapshot v1, https://goo.gl/fbAQLP

exports[`interrupt should interrupt 1`] = `
[
  [
    {
      "blockedBy": undefined,
      "detail": undefined,
      "interrupts": undefined,
      "priority": 0,
      "selected": true,
      "thread": "Symbol(add)",
      "trigger": true,
      "type": "add",
    },
  ],
  [
    {
      "blockedBy": undefined,
      "detail": undefined,
      "interrupts": undefined,
      "priority": 1,
      "selected": true,
      "thread": "addHot",
      "trigger": false,
      "type": "hot",
    },
  ],
  [
    {
      "blockedBy": undefined,
      "detail": undefined,
      "interrupts": undefined,
      "priority": 0,
      "selected": true,
      "thread": "Symbol(add)",
      "trigger": true,
      "type": "add",
    },
  ],
  [
    {
      "blockedBy": undefined,
      "detail": undefined,
      "interrupts": undefined,
      "priority": 1,
      "selected": true,
      "thread": "addHot",
      "trigger": false,
      "type": "hot",
    },
  ],
  [
    {
      "blockedBy": undefined,
      "detail": undefined,
      "interrupts": "addHot",
      "priority": 0,
      "selected": true,
      "thread": "Symbol(terminate)",
      "trigger": true,
      "type": "terminate",
    },
  ],
  [
    {
      "blockedBy": undefined,
      "detail": undefined,
      "interrupts": undefined,
      "priority": 0,
      "selected": true,
      "thread": "Symbol(add)",
      "trigger": true,
      "type": "add",
    },
  ],
]
`;
