// Bun Snapshot v1, https://goo.gl/fbAQLP

exports[`logging 1`] = `
[
  [
    {
      "blockedBy": undefined,
      "detail": undefined,
      "interrupts": undefined,
      "priority": 0,
      "selected": true,
      "thread": "Symbol(start)",
      "trigger": true,
      "type": "start",
    },
    {
      "blockedBy": undefined,
      "detail": undefined,
      "interrupts": undefined,
      "priority": 1,
      "selected": false,
      "thread": "addHot",
      "trigger": false,
      "type": "hot",
    },
    {
      "blockedBy": "mixHotCold",
      "detail": undefined,
      "interrupts": undefined,
      "priority": 2,
      "selected": false,
      "thread": "addCold",
      "trigger": false,
      "type": "cold",
    },
  ],
  [
    {
      "blockedBy": undefined,
      "detail": undefined,
      "interrupts": undefined,
      "priority": 1,
      "selected": true,
      "thread": "addHot",
      "trigger": false,
      "type": "hot",
    },
    {
      "blockedBy": "mixHotCold",
      "detail": undefined,
      "interrupts": undefined,
      "priority": 2,
      "selected": false,
      "thread": "addCold",
      "trigger": false,
      "type": "cold",
    },
  ],
  [
    {
      "blockedBy": "mixHotCold",
      "detail": undefined,
      "interrupts": undefined,
      "priority": 1,
      "selected": false,
      "thread": "addHot",
      "trigger": false,
      "type": "hot",
    },
    {
      "blockedBy": undefined,
      "detail": undefined,
      "interrupts": undefined,
      "priority": 2,
      "selected": true,
      "thread": "addCold",
      "trigger": false,
      "type": "cold",
    },
  ],
  [
    {
      "blockedBy": undefined,
      "detail": undefined,
      "interrupts": undefined,
      "priority": 1,
      "selected": true,
      "thread": "addHot",
      "trigger": false,
      "type": "hot",
    },
    {
      "blockedBy": "mixHotCold",
      "detail": undefined,
      "interrupts": undefined,
      "priority": 2,
      "selected": false,
      "thread": "addCold",
      "trigger": false,
      "type": "cold",
    },
  ],
  [
    {
      "blockedBy": "mixHotCold",
      "detail": undefined,
      "interrupts": undefined,
      "priority": 1,
      "selected": false,
      "thread": "addHot",
      "trigger": false,
      "type": "hot",
    },
    {
      "blockedBy": undefined,
      "detail": undefined,
      "interrupts": undefined,
      "priority": 2,
      "selected": true,
      "thread": "addCold",
      "trigger": false,
      "type": "cold",
    },
  ],
  [
    {
      "blockedBy": undefined,
      "detail": undefined,
      "interrupts": undefined,
      "priority": 1,
      "selected": true,
      "thread": "addHot",
      "trigger": false,
      "type": "hot",
    },
    {
      "blockedBy": "mixHotCold",
      "detail": undefined,
      "interrupts": undefined,
      "priority": 2,
      "selected": false,
      "thread": "addCold",
      "trigger": false,
      "type": "cold",
    },
  ],
  [
    {
      "blockedBy": undefined,
      "detail": undefined,
      "interrupts": undefined,
      "priority": 2,
      "selected": true,
      "thread": "addCold",
      "trigger": false,
      "type": "cold",
    },
  ],
]
`;
