export const snapshot = {};

snapshot[`/components-example-field--field-basic 1`] = `
\`<!DOCTYPE html><html lang="en"><head><meta charset="UTF-8"><meta name="viewport" content="width=device-width, initial-scale=1.0"><title>Components Example Field(function(string) {
    return arrayReduce(words(deburr(string).replace(reApos, '')), callback, '');
  })</title><script type="module" async>import "/.registries/example-button.island.js"; import "/.registries/example-field.island.js";</script></head><body><example-field><template shadowroot="open"><style></style><input type='text' value="100" id="input" min="10" max="100" ref={ref} /></template></example-field><script type="text/javascript">const source = new EventSource('/livereload'); const reload = () =>location.reload(true); source.onmessage = reload; source.onerror = () =>(source.onopen = reload); console.log('[plaited] listening for file changes');</script></body></html>\`
`;

snapshot[`/components-example-field--field-basic.include 1`] = `\`<example-field><template shadowroot="open"><style></style><input type='text' value="100" id="input" min="10" max="100" ref={ref} /></template></example-field>\``;

snapshot[`/components-example-button--basic-button 1`] = `
\`<!DOCTYPE html><html lang="en"><head><meta charset="UTF-8"><meta name="viewport" content="width=device-width, initial-scale=1.0"><title>Components Example Button(function(string) {
    return arrayReduce(words(deburr(string).replace(reApos, '')), callback, '');
  })</title><script type="module" async>import "/.registries/example-button.island.js"; import "/.registries/example-field.island.js";</script></head><body><plaited-fixture><template shadowroot="open"><style></style><button type="submit">basic</button></template></plaited-fixture><script type="text/javascript">const source = new EventSource('/livereload'); const reload = () =>location.reload(true); source.onmessage = reload; source.onerror = () =>(source.onopen = reload); console.log('[plaited] listening for file changes');</script></body></html>\`
`;

snapshot[`/components-example-button--basic-button.include 1`] = `'<plaited-fixture><template shadowroot="open"><style></style><button type="submit">basic</button></template></plaited-fixture>'`;
